c:\users\devon\apollo\compiler\native\build\apollo-llvm\lib\targetparser\llvmtargetparser.dir\debug\avrtargetparser.obj
c:\users\devon\apollo\compiler\native\build\apollo-llvm\lib\targetparser\llvmtargetparser.dir\debug\x86targetparser.obj
c:\users\devon\apollo\compiler\native\build\apollo-llvm\lib\targetparser\llvmtargetparser.dir\debug\targetparser.obj
c:\users\devon\apollo\compiler\native\build\apollo-llvm\lib\targetparser\llvmtargetparser.dir\debug\riscvtargetparser.obj
c:\users\devon\apollo\compiler\native\build\apollo-llvm\lib\targetparser\llvmtargetparser.dir\debug\triple.obj
c:\users\devon\apollo\compiler\native\build\apollo-llvm\lib\targetparser\llvmtargetparser.dir\debug\aarch64targetparser.obj
c:\users\devon\apollo\compiler\native\build\apollo-llvm\lib\targetparser\llvmtargetparser.dir\debug\armtargetparser.obj
c:\users\devon\apollo\compiler\native\build\apollo-llvm\lib\targetparser\llvmtargetparser.dir\debug\riscvisainfo.obj
c:\users\devon\apollo\compiler\native\build\apollo-llvm\lib\targetparser\llvmtargetparser.dir\debug\targetdatalayout.obj
c:\users\devon\apollo\compiler\native\build\apollo-llvm\lib\targetparser\llvmtargetparser.dir\debug\subtargetfeature.obj
c:\users\devon\apollo\compiler\native\build\apollo-llvm\lib\targetparser\llvmtargetparser.dir\debug\ppctargetparser.obj
c:\users\devon\apollo\compiler\native\build\apollo-llvm\lib\targetparser\llvmtargetparser.dir\debug\armtargetparsercommon.obj
c:\users\devon\apollo\compiler\native\build\apollo-llvm\lib\targetparser\llvmtargetparser.dir\debug\loongarchtargetparser.obj
c:\users\devon\apollo\compiler\native\build\apollo-llvm\lib\targetparser\llvmtargetparser.dir\debug\host.obj
c:\users\devon\apollo\compiler\native\build\apollo-llvm\lib\targetparser\llvmtargetparser.dir\debug\cskytargetparser.obj
c:\users\devon\apollo\compiler\native\build\apollo-llvm\lib\targetparser\llvmtargetparser.dir\debug\xtensatargetparser.obj
c:\users\devon\apollo\compiler\native\build\apollo-llvm\debug\lib\llvmtargetparser.pdb
c:\users\devon\apollo\compiler\native\build\apollo-llvm\lib\targetparser\cmakefiles\generate.stamp
c:\users\devon\apollo\compiler\native\build\apollo-llvm\debug\lib\llvmtargetparser.lib
c:\users\devon\apollo\compiler\native\build\apollo-llvm\lib\targetparser\llvmtargetparser.dir\debug\llvmtargetparser.tlog\cl.10388.write.1.tlog
c:\users\devon\apollo\compiler\native\build\apollo-llvm\lib\targetparser\llvmtargetparser.dir\debug\llvmtargetparser.tlog\cl.command.1.tlog
c:\users\devon\apollo\compiler\native\build\apollo-llvm\lib\targetparser\llvmtargetparser.dir\debug\llvmtargetparser.tlog\cl.items.tlog
c:\users\devon\apollo\compiler\native\build\apollo-llvm\lib\targetparser\llvmtargetparser.dir\debug\llvmtargetparser.tlog\cl.read.1.tlog
c:\users\devon\apollo\compiler\native\build\apollo-llvm\lib\targetparser\llvmtargetparser.dir\debug\llvmtargetparser.tlog\custombuild.command.1.tlog
c:\users\devon\apollo\compiler\native\build\apollo-llvm\lib\targetparser\llvmtargetparser.dir\debug\llvmtargetparser.tlog\custombuild.read.1.tlog
c:\users\devon\apollo\compiler\native\build\apollo-llvm\lib\targetparser\llvmtargetparser.dir\debug\llvmtargetparser.tlog\custombuild.write.1.tlog
c:\users\devon\apollo\compiler\native\build\apollo-llvm\lib\targetparser\llvmtargetparser.dir\debug\llvmtargetparser.tlog\lib-link.read.1.tlog
c:\users\devon\apollo\compiler\native\build\apollo-llvm\lib\targetparser\llvmtargetparser.dir\debug\llvmtargetparser.tlog\lib-link.write.1.tlog
c:\users\devon\apollo\compiler\native\build\apollo-llvm\lib\targetparser\llvmtargetparser.dir\debug\llvmtargetparser.tlog\lib.command.1.tlog
