c:\users\devon\apollo\compiler\native\build\apollo-llvm\lib\tablegen\llvmtablegen.dir\debug\tablegenbackendskeleton.obj
c:\users\devon\apollo\compiler\native\build\apollo-llvm\lib\tablegen\llvmtablegen.dir\debug\error.obj
c:\users\devon\apollo\compiler\native\build\apollo-llvm\lib\tablegen\llvmtablegen.dir\debug\stringtooffsettable.obj
c:\users\devon\apollo\compiler\native\build\apollo-llvm\lib\tablegen\llvmtablegen.dir\debug\detailedrecordsbackend.obj
c:\users\devon\apollo\compiler\native\build\apollo-llvm\lib\tablegen\llvmtablegen.dir\debug\parser.obj
c:\users\devon\apollo\compiler\native\build\apollo-llvm\lib\tablegen\llvmtablegen.dir\debug\tgparser.obj
c:\users\devon\apollo\compiler\native\build\apollo-llvm\lib\tablegen\llvmtablegen.dir\debug\record.obj
c:\users\devon\apollo\compiler\native\build\apollo-llvm\lib\tablegen\llvmtablegen.dir\debug\tablegenbackend.obj
c:\users\devon\apollo\compiler\native\build\apollo-llvm\lib\tablegen\llvmtablegen.dir\debug\settheory.obj
c:\users\devon\apollo\compiler\native\build\apollo-llvm\lib\tablegen\llvmtablegen.dir\debug\tglexer.obj
c:\users\devon\apollo\compiler\native\build\apollo-llvm\lib\tablegen\llvmtablegen.dir\debug\main.obj
c:\users\devon\apollo\compiler\native\build\apollo-llvm\lib\tablegen\llvmtablegen.dir\debug\stringmatcher.obj
c:\users\devon\apollo\compiler\native\build\apollo-llvm\lib\tablegen\llvmtablegen.dir\debug\jsonbackend.obj
c:\users\devon\apollo\compiler\native\build\apollo-llvm\lib\tablegen\llvmtablegen.dir\debug\tgtimer.obj
c:\users\devon\apollo\compiler\native\build\apollo-llvm\debug\lib\llvmtablegen.pdb
c:\users\devon\apollo\compiler\native\build\apollo-llvm\lib\tablegen\cmakefiles\generate.stamp
c:\users\devon\apollo\compiler\native\build\apollo-llvm\debug\lib\llvmtablegen.lib
c:\users\devon\apollo\compiler\native\build\apollo-llvm\lib\tablegen\llvmtablegen.dir\debug\llvmtablegen.tlog\cl.11976.write.1.tlog
c:\users\devon\apollo\compiler\native\build\apollo-llvm\lib\tablegen\llvmtablegen.dir\debug\llvmtablegen.tlog\cl.command.1.tlog
c:\users\devon\apollo\compiler\native\build\apollo-llvm\lib\tablegen\llvmtablegen.dir\debug\llvmtablegen.tlog\cl.items.tlog
c:\users\devon\apollo\compiler\native\build\apollo-llvm\lib\tablegen\llvmtablegen.dir\debug\llvmtablegen.tlog\cl.read.1.tlog
c:\users\devon\apollo\compiler\native\build\apollo-llvm\lib\tablegen\llvmtablegen.dir\debug\llvmtablegen.tlog\custombuild.command.1.tlog
c:\users\devon\apollo\compiler\native\build\apollo-llvm\lib\tablegen\llvmtablegen.dir\debug\llvmtablegen.tlog\custombuild.read.1.tlog
c:\users\devon\apollo\compiler\native\build\apollo-llvm\lib\tablegen\llvmtablegen.dir\debug\llvmtablegen.tlog\custombuild.write.1.tlog
c:\users\devon\apollo\compiler\native\build\apollo-llvm\lib\tablegen\llvmtablegen.dir\debug\llvmtablegen.tlog\lib-link.read.1.tlog
c:\users\devon\apollo\compiler\native\build\apollo-llvm\lib\tablegen\llvmtablegen.dir\debug\llvmtablegen.tlog\lib-link.write.1.tlog
c:\users\devon\apollo\compiler\native\build\apollo-llvm\lib\tablegen\llvmtablegen.dir\debug\llvmtablegen.tlog\lib.command.1.tlog
