c:\users\devon\apollo\compiler\native\build\apollo-llvm\include\llvm\ir\attributes.inc
c:\users\devon\apollo\compiler\native\build\apollo-llvm\include\llvm\ir\intrinsicenums.inc
c:\users\devon\apollo\compiler\native\build\apollo-llvm\include\llvm\ir\intrinsicimpl.inc
c:\users\devon\apollo\compiler\native\build\apollo-llvm\include\llvm\ir\intrinsicsaarch64.h
c:\users\devon\apollo\compiler\native\build\apollo-llvm\include\llvm\ir\intrinsicsamdgpu.h
c:\users\devon\apollo\compiler\native\build\apollo-llvm\include\llvm\ir\intrinsicsarm.h
c:\users\devon\apollo\compiler\native\build\apollo-llvm\include\llvm\ir\intrinsicsbpf.h
c:\users\devon\apollo\compiler\native\build\apollo-llvm\include\llvm\ir\intrinsicsdirectx.h
c:\users\devon\apollo\compiler\native\build\apollo-llvm\include\llvm\ir\intrinsicshexagon.h
c:\users\devon\apollo\compiler\native\build\apollo-llvm\include\llvm\ir\intrinsicsloongarch.h
c:\users\devon\apollo\compiler\native\build\apollo-llvm\include\llvm\ir\intrinsicsmips.h
c:\users\devon\apollo\compiler\native\build\apollo-llvm\include\llvm\ir\intrinsicsnvptx.h
c:\users\devon\apollo\compiler\native\build\apollo-llvm\include\llvm\ir\intrinsicspowerpc.h
c:\users\devon\apollo\compiler\native\build\apollo-llvm\include\llvm\ir\intrinsicsr600.h
c:\users\devon\apollo\compiler\native\build\apollo-llvm\include\llvm\ir\intrinsicsriscv.h
c:\users\devon\apollo\compiler\native\build\apollo-llvm\include\llvm\ir\intrinsicss390.h
c:\users\devon\apollo\compiler\native\build\apollo-llvm\include\llvm\ir\intrinsicsspirv.h
c:\users\devon\apollo\compiler\native\build\apollo-llvm\include\llvm\ir\intrinsicsve.h
c:\users\devon\apollo\compiler\native\build\apollo-llvm\include\llvm\ir\intrinsicswebassembly.h
c:\users\devon\apollo\compiler\native\build\apollo-llvm\include\llvm\ir\intrinsicsx86.h
c:\users\devon\apollo\compiler\native\build\apollo-llvm\include\llvm\ir\intrinsicsxcore.h
c:\users\devon\apollo\compiler\native\build\apollo-llvm\include\llvm\ir\runtimelibcalls.inc
c:\users\devon\apollo\compiler\native\build\apollo-llvm\include\llvm\ir\cmakefiles\intrinsics_gen
c:\users\devon\apollo\compiler\native\build\apollo-llvm\include\llvm\ir\cmakefiles\generate.stamp
c:\users\devon\apollo\compiler\native\build\apollo-llvm\include\llvm\ir\x64\debug\intrinsics_gen\intrinsics_gen.tlog\custombuild.command.1.tlog
c:\users\devon\apollo\compiler\native\build\apollo-llvm\include\llvm\ir\x64\debug\intrinsics_gen\intrinsics_gen.tlog\custombuild.read.1.tlog
c:\users\devon\apollo\compiler\native\build\apollo-llvm\include\llvm\ir\x64\debug\intrinsics_gen\intrinsics_gen.tlog\custombuild.write.1.tlog
