c:\users\devon\apollo\compiler\native\build\apollo_frontend_native.dir\debug\vc145.pdb
c:\users\devon\apollo\compiler\native\build\apollo_frontend_native.dir\debug\compilerv1visitor.obj
c:\users\devon\apollo\compiler\native\build\apollo_frontend_native.dir\debug\compilerv1parser.obj
c:\users\devon\apollo\compiler\native\build\apollo_frontend_native.dir\debug\compilerv1lexer.obj
c:\users\devon\apollo\compiler\native\build\apollo_frontend_native.dir\debug\compilerv1basevisitor.obj
c:\users\devon\apollo\compiler\native\build\apollo_frontend_native.dir\debug\visitor.obj
c:\users\devon\apollo\compiler\native\build\apollo_frontend_native.dir\debug\apollo_runtime.obj
c:\users\devon\apollo\compiler\native\build\apollo_frontend_native.dir\debug\apollo_ir_layout_plan.obj
c:\users\devon\apollo\compiler\native\build\apollo_frontend_native.dir\debug\apollo_ir_codegen.obj
c:\users\devon\apollo\compiler\native\build\apollo_frontend_native.dir\debug\apollo_codegen_optimization_plan.obj
c:\users\devon\apollo\compiler\native\build\apollo_frontend_native.dir\debug\apollo_driver.obj
c:\users\devon\apollo\compiler\native\build\apollo_frontend_native.dir\debug\main.obj
c:\users\devon\apollo\compiler\native\build\cmakefiles\generate.stamp
c:\users\devon\apollo\compiler\native\build\debug\apollo_frontend_native.exe
c:\users\devon\apollo\compiler\native\build\debug\apollo_frontend_native.pdb
c:\users\devon\apollo\compiler\native\build\apollo_frontend_native.dir\debug\apollo_frontend_native.ilk
c:\users\devon\apollo\compiler\native\build\apollo_frontend_native.dir\debug\apollo_f.0c1ac1fe.tlog\cl.command.1.tlog
c:\users\devon\apollo\compiler\native\build\apollo_frontend_native.dir\debug\apollo_f.0c1ac1fe.tlog\cl.items.tlog
c:\users\devon\apollo\compiler\native\build\apollo_frontend_native.dir\debug\apollo_f.0c1ac1fe.tlog\cl.read.1.tlog
c:\users\devon\apollo\compiler\native\build\apollo_frontend_native.dir\debug\apollo_f.0c1ac1fe.tlog\cl.write.1.tlog
c:\users\devon\apollo\compiler\native\build\apollo_frontend_native.dir\debug\apollo_f.0c1ac1fe.tlog\custombuild.command.1.tlog
c:\users\devon\apollo\compiler\native\build\apollo_frontend_native.dir\debug\apollo_f.0c1ac1fe.tlog\custombuild.read.1.tlog
c:\users\devon\apollo\compiler\native\build\apollo_frontend_native.dir\debug\apollo_f.0c1ac1fe.tlog\custombuild.write.1.tlog
c:\users\devon\apollo\compiler\native\build\apollo_frontend_native.dir\debug\apollo_f.0c1ac1fe.tlog\link.command.1.tlog
c:\users\devon\apollo\compiler\native\build\apollo_frontend_native.dir\debug\apollo_f.0c1ac1fe.tlog\link.read.1.tlog
c:\users\devon\apollo\compiler\native\build\apollo_frontend_native.dir\debug\apollo_f.0c1ac1fe.tlog\link.secondary.1.tlog
c:\users\devon\apollo\compiler\native\build\apollo_frontend_native.dir\debug\apollo_f.0c1ac1fe.tlog\link.write.1.tlog
