c:\users\devon\apollo\compiler\native\build\apollo-llvm\lib\support\llvmsupport.dir\debug\allocator.obj
c:\users\devon\apollo\compiler\native\build\apollo-llvm\lib\support\llvmsupport.dir\debug\branchprobability.obj
c:\users\devon\apollo\compiler\native\build\apollo-llvm\lib\support\llvmsupport.dir\debug\dataextractor.obj
c:\users\devon\apollo\compiler\native\build\apollo-llvm\lib\support\llvmsupport.dir\debug\fileutilities.obj
c:\users\devon\apollo\compiler\native\build\apollo-llvm\lib\support\llvmsupport.dir\debug\managedstatic.obj
c:\users\devon\apollo\compiler\native\build\apollo-llvm\lib\support\llvmsupport.dir\debug\pgooptions.obj
c:\users\devon\apollo\compiler\native\build\apollo-llvm\lib\support\llvmsupport.dir\debug\suffixtreenode.obj
c:\users\devon\apollo\compiler\native\build\apollo-llvm\lib\support\llvmsupport.dir\debug\twine.obj
c:\users\devon\apollo\compiler\native\build\apollo-llvm\lib\support\llvmsupport.dir\debug\withcolor.obj
c:\users\devon\apollo\compiler\native\build\apollo-llvm\lib\support\llvmsupport.dir\debug\path.obj
c:\users\devon\apollo\compiler\native\build\apollo-llvm\lib\support\llvmsupport.dir\debug\apsint.obj
c:\users\devon\apollo\compiler\native\build\apollo-llvm\lib\support\llvmsupport.dir\debug\binarystreamwriter.obj
c:\users\devon\apollo\compiler\native\build\apollo-llvm\lib\support\llvmsupport.dir\debug\debugcounter.obj
c:\users\devon\apollo\compiler\native\build\apollo-llvm\lib\support\llvmsupport.dir\debug\foldingset.obj
c:\users\devon\apollo\compiler\native\build\apollo-llvm\lib\support\llvmsupport.dir\debug\instructioncost.obj
c:\users\devon\apollo\compiler\native\build\apollo-llvm\lib\support\llvmsupport.dir\debug\memalloc.obj
c:\users\devon\apollo\compiler\native\build\apollo-llvm\lib\support\llvmsupport.dir\debug\modref.obj
c:\users\devon\apollo\compiler\native\build\apollo-llvm\lib\support\llvmsupport.dir\debug\regex.obj
c:\users\devon\apollo\compiler\native\build\apollo-llvm\lib\support\llvmsupport.dir\debug\sha256.obj
c:\users\devon\apollo\compiler\native\build\apollo-llvm\lib\support\llvmsupport.dir\debug\suffixtree.obj
c:\users\devon\apollo\compiler\native\build\apollo-llvm\lib\support\llvmsupport.dir\debug\unicodenametocodepointgenerated.obj
c:\users\devon\apollo\compiler\native\build\apollo-llvm\lib\support\llvmsupport.dir\debug\virtualoutputbackend.obj
c:\users\devon\apollo\compiler\native\build\apollo-llvm\lib\support\llvmsupport.dir\debug\raw_ostream_proxy.obj
c:\users\devon\apollo\compiler\native\build\apollo-llvm\lib\support\llvmsupport.dir\debug\process.obj
c:\users\devon\apollo\compiler\native\build\apollo-llvm\lib\support\llvmsupport.dir\debug\autoconvert.obj
c:\users\devon\apollo\compiler\native\build\apollo-llvm\lib\support\llvmsupport.dir\debug\binarystreamreader.obj
c:\users\devon\apollo\compiler\native\build\apollo-llvm\lib\support\llvmsupport.dir\debug\com.obj
c:\users\devon\apollo\compiler\native\build\apollo-llvm\lib\support\llvmsupport.dir\debug\convertebcdic.obj
c:\users\devon\apollo\compiler\native\build\apollo-llvm\lib\support\llvmsupport.dir\debug\divisionbyconstantinfo.obj
c:\users\devon\apollo\compiler\native\build\apollo-llvm\lib\support\llvmsupport.dir\debug\elfattrparsercompact.obj
c:\users\devon\apollo\compiler\native\build\apollo-llvm\lib\support\llvmsupport.dir\debug\inteqclasses.obj
c:\users\devon\apollo\compiler\native\build\apollo-llvm\lib\support\llvmsupport.dir\debug\lineiterator.obj
c:\users\devon\apollo\compiler\native\build\apollo-llvm\lib\support\llvmsupport.dir\debug\optimizedstructlayout.obj
c:\users\devon\apollo\compiler\native\build\apollo-llvm\lib\support\llvmsupport.dir\debug\riscvattributeparser.obj
c:\users\devon\apollo\compiler\native\build\apollo-llvm\lib\support\llvmsupport.dir\debug\stringextras.obj
c:\users\devon\apollo\compiler\native\build\apollo-llvm\lib\support\llvmsupport.dir\debug\unicode.obj
c:\users\devon\apollo\compiler\native\build\apollo-llvm\lib\support\llvmsupport.dir\debug\virtualoutputerror.obj
c:\users\devon\apollo\compiler\native\build\apollo-llvm\lib\support\llvmsupport.dir\debug\dynamiclibrary.obj
c:\users\devon\apollo\compiler\native\build\apollo-llvm\lib\support\llvmsupport.dir\debug\aarch64buildattributes.obj
c:\users\devon\apollo\compiler\native\build\apollo-llvm\lib\support\llvmsupport.dir\debug\binarystreamref.obj
c:\users\devon\apollo\compiler\native\build\apollo-llvm\lib\support\llvmsupport.dir\debug\cskyattributeparser.obj
c:\users\devon\apollo\compiler\native\build\apollo-llvm\lib\support\llvmsupport.dir\debug\error.obj
c:\users\devon\apollo\compiler\native\build\apollo-llvm\lib\support\llvmsupport.dir\debug\hexagonattributes.obj
c:\users\devon\apollo\compiler\native\build\apollo-llvm\lib\support\llvmsupport.dir\debug\locale.obj
c:\users\devon\apollo\compiler\native\build\apollo-llvm\lib\support\llvmsupport.dir\debug\optionstrcmp.obj
c:\users\devon\apollo\compiler\native\build\apollo-llvm\lib\support\llvmsupport.dir\debug\riscvisautils.obj
c:\users\devon\apollo\compiler\native\build\apollo-llvm\lib\support\llvmsupport.dir\debug\stringmap.obj
c:\users\devon\apollo\compiler\native\build\apollo-llvm\lib\support\llvmsupport.dir\debug\trierawhashmap.obj
c:\users\devon\apollo\compiler\native\build\apollo-llvm\lib\support\llvmsupport.dir\debug\yamlparser.obj
c:\users\devon\apollo\compiler\native\build\apollo-llvm\lib\support\llvmsupport.dir\debug\rwmutex.obj
c:\users\devon\apollo\compiler\native\build\apollo-llvm\lib\support\llvmsupport.dir\debug\apint.obj
c:\users\devon\apollo\compiler\native\build\apollo-llvm\lib\support\llvmsupport.dir\debug\codegencoverage.obj
c:\users\devon\apollo\compiler\native\build\apollo-llvm\lib\support\llvmsupport.dir\debug\formatvariadic.obj
c:\users\devon\apollo\compiler\native\build\apollo-llvm\lib\support\llvmsupport.dir\debug\json.obj
c:\users\devon\apollo\compiler\native\build\apollo-llvm\lib\support\llvmsupport.dir\debug\pluginloader.obj
c:\users\devon\apollo\compiler\native\build\apollo-llvm\lib\support\llvmsupport.dir\debug\scopedprinter.obj
c:\users\devon\apollo\compiler\native\build\apollo-llvm\lib\support\llvmsupport.dir\debug\timer.obj
c:\users\devon\apollo\compiler\native\build\apollo-llvm\lib\support\llvmsupport.dir\debug\atomic.obj
c:\users\devon\apollo\compiler\native\build\apollo-llvm\lib\support\llvmsupport.dir\debug\signals.obj
c:\users\devon\apollo\compiler\native\build\apollo-llvm\lib\support\llvmsupport.dir\debug\armattributeparser.obj
c:\users\devon\apollo\compiler\native\build\apollo-llvm\lib\support\llvmsupport.dir\debug\convertutfwrapper.obj
c:\users\devon\apollo\compiler\native\build\apollo-llvm\lib\support\llvmsupport.dir\debug\djb.obj
c:\users\devon\apollo\compiler\native\build\apollo-llvm\lib\support\llvmsupport.dir\debug\formattedstream.obj
c:\users\devon\apollo\compiler\native\build\apollo-llvm\lib\support\llvmsupport.dir\debug\initllvm.obj
c:\users\devon\apollo\compiler\native\build\apollo-llvm\lib\support\llvmsupport.dir\debug\integerinclusiveinterval.obj
c:\users\devon\apollo\compiler\native\build\apollo-llvm\lib\support\llvmsupport.dir\debug\slowdynamicapint.obj
c:\users\devon\apollo\compiler\native\build\apollo-llvm\lib\support\llvmsupport.dir\debug\timeprofiler.obj
c:\users\devon\apollo\compiler\native\build\apollo-llvm\lib\support\llvmsupport.dir\debug\z3solver.obj
c:\users\devon\apollo\compiler\native\build\apollo-llvm\lib\support\llvmsupport.dir\debug\amdgpumetadata.obj
c:\users\devon\apollo\compiler\native\build\apollo-llvm\lib\support\llvmsupport.dir\debug\convertutf.obj
c:\users\devon\apollo\compiler\native\build\apollo-llvm\lib\support\llvmsupport.dir\debug\debug.obj
c:\users\devon\apollo\compiler\native\build\apollo-llvm\lib\support\llvmsupport.dir\debug\filecollector.obj
c:\users\devon\apollo\compiler\native\build\apollo-llvm\lib\support\llvmsupport.dir\debug\memorybuffer.obj
c:\users\devon\apollo\compiler\native\build\apollo-llvm\lib\support\llvmsupport.dir\debug\sha1.obj
c:\users\devon\apollo\compiler\native\build\apollo-llvm\lib\support\llvmsupport.dir\debug\stringsaver.obj
c:\users\devon\apollo\compiler\native\build\apollo-llvm\lib\support\llvmsupport.dir\debug\unicodenametocodepoint.obj
c:\users\devon\apollo\compiler\native\build\apollo-llvm\lib\support\llvmsupport.dir\debug\raw_os_ostream.obj
c:\users\devon\apollo\compiler\native\build\apollo-llvm\lib\support\llvmsupport.dir\debug\program.obj
c:\users\devon\apollo\compiler\native\build\apollo-llvm\lib\support\llvmsupport.dir\debug\apfloat.obj
c:\users\devon\apollo\compiler\native\build\apollo-llvm\lib\support\llvmsupport.dir\debug\crc.obj
c:\users\devon\apollo\compiler\native\build\apollo-llvm\lib\support\llvmsupport.dir\debug\deltatree.obj
c:\users\devon\apollo\compiler\native\build\apollo-llvm\lib\support\llvmsupport.dir\debug\dynamicapint.obj
c:\users\devon\apollo\compiler\native\build\apollo-llvm\lib\support\llvmsupport.dir\debug\hash.obj
c:\users\devon\apollo\compiler\native\build\apollo-llvm\lib\support\llvmsupport.dir\debug\jobserver.obj
c:\users\devon\apollo\compiler\native\build\apollo-llvm\lib\support\llvmsupport.dir\debug\scalednumber.obj
c:\users\devon\apollo\compiler\native\build\apollo-llvm\lib\support\llvmsupport.dir\debug\specialcaselist.obj
c:\users\devon\apollo\compiler\native\build\apollo-llvm\lib\support\llvmsupport.dir\debug\xxhash.obj
c:\users\devon\apollo\compiler\native\build\apollo-llvm\lib\support\llvmsupport.dir\debug\threading.obj
c:\users\devon\apollo\compiler\native\build\apollo-llvm\lib\support\llvmsupport.dir\debug\armbuildattributes.obj
c:\users\devon\apollo\compiler\native\build\apollo-llvm\lib\support\llvmsupport.dir\debug\burypointer.obj
c:\users\devon\apollo\compiler\native\build\apollo-llvm\lib\support\llvmsupport.dir\debug\compression.obj
c:\users\devon\apollo\compiler\native\build\apollo-llvm\lib\support\llvmsupport.dir\debug\dagdeltaalgorithm.obj
c:\users\devon\apollo\compiler\native\build\apollo-llvm\lib\support\llvmsupport.dir\debug\globpattern.obj
c:\users\devon\apollo\compiler\native\build\apollo-llvm\lib\support\llvmsupport.dir\debug\knownfpclass.obj
c:\users\devon\apollo\compiler\native\build\apollo-llvm\lib\support\llvmsupport.dir\debug\optional.obj
c:\users\devon\apollo\compiler\native\build\apollo-llvm\lib\support\llvmsupport.dir\debug\riscvattributes.obj
c:\users\devon\apollo\compiler\native\build\apollo-llvm\lib\support\llvmsupport.dir\debug\smallptrset.obj
c:\users\devon\apollo\compiler\native\build\apollo-llvm\lib\support\llvmsupport.dir\debug\tarwriter.obj
c:\users\devon\apollo\compiler\native\build\apollo-llvm\lib\support\llvmsupport.dir\debug\raw_ostream.obj
c:\users\devon\apollo\compiler\native\build\apollo-llvm\lib\support\llvmsupport.dir\debug\alloctoken.obj
c:\users\devon\apollo\compiler\native\build\apollo-llvm\lib\support\llvmsupport.dir\debug\blockfrequency.obj
c:\users\devon\apollo\compiler\native\build\apollo-llvm\lib\support\llvmsupport.dir\debug\crashrecoverycontext.obj
c:\users\devon\apollo\compiler\native\build\apollo-llvm\lib\support\llvmsupport.dir\debug\elfattrparserextended.obj
c:\users\devon\apollo\compiler\native\build\apollo-llvm\lib\support\llvmsupport.dir\debug\knownbits.obj
c:\users\devon\apollo\compiler\native\build\apollo-llvm\lib\support\llvmsupport.dir\debug\md5.obj
c:\users\devon\apollo\compiler\native\build\apollo-llvm\lib\support\llvmsupport.dir\debug\randomnumbergenerator.obj
c:\users\devon\apollo\compiler\native\build\apollo-llvm\lib\support\llvmsupport.dir\debug\tooloutputfile.obj
c:\users\devon\apollo\compiler\native\build\apollo-llvm\lib\support\llvmsupport.dir\debug\raw_socket_stream.obj
c:\users\devon\apollo\compiler\native\build\apollo-llvm\lib\support\llvmsupport.dir\debug\balancedpartitioning.obj
c:\users\devon\apollo\compiler\native\build\apollo-llvm\lib\support\llvmsupport.dir\debug\deltaalgorithm.obj
c:\users\devon\apollo\compiler\native\build\apollo-llvm\lib\support\llvmsupport.dir\debug\elfattributes.obj
c:\users\devon\apollo\compiler\native\build\apollo-llvm\lib\support\llvmsupport.dir\debug\graphwriter.obj
c:\users\devon\apollo\compiler\native\build\apollo-llvm\lib\support\llvmsupport.dir\debug\msp430attributes.obj
c:\users\devon\apollo\compiler\native\build\apollo-llvm\lib\support\llvmsupport.dir\debug\prettystacktrace.obj
c:\users\devon\apollo\compiler\native\build\apollo-llvm\lib\support\llvmsupport.dir\debug\siphash.obj
c:\users\devon\apollo\compiler\native\build\apollo-llvm\lib\support\llvmsupport.dir\debug\systemutils.obj
c:\users\devon\apollo\compiler\native\build\apollo-llvm\lib\support\llvmsupport.dir\debug\unicodecasefold.obj
c:\users\devon\apollo\compiler\native\build\apollo-llvm\lib\support\llvmsupport.dir\debug\virtualoutputconfig.obj
c:\users\devon\apollo\compiler\native\build\apollo-llvm\lib\support\llvmsupport.dir\debug\valgrind.obj
c:\users\devon\apollo\compiler\native\build\apollo-llvm\lib\support\llvmsupport.dir\debug\abibreak.obj
c:\users\devon\apollo\compiler\native\build\apollo-llvm\lib\support\llvmsupport.dir\debug\binarystreamerror.obj
c:\users\devon\apollo\compiler\native\build\apollo-llvm\lib\support\llvmsupport.dir\debug\caching.obj
c:\users\devon\apollo\compiler\native\build\apollo-llvm\lib\support\llvmsupport.dir\debug\extensiblertti.obj
c:\users\devon\apollo\compiler\native\build\apollo-llvm\lib\support\llvmsupport.dir\debug\fileoutputbuffer.obj
c:\users\devon\apollo\compiler\native\build\apollo-llvm\lib\support\llvmsupport.dir\debug\lockfilemanager.obj
c:\users\devon\apollo\compiler\native\build\apollo-llvm\lib\support\llvmsupport.dir\debug\statistic.obj
c:\users\devon\apollo\compiler\native\build\apollo-llvm\lib\support\llvmsupport.dir\debug\virtualoutputbackends.obj
c:\users\devon\apollo\compiler\native\build\apollo-llvm\lib\support\llvmsupport.dir\debug\watchdog.obj
c:\users\devon\apollo\compiler\native\build\apollo-llvm\lib\support\llvmsupport.dir\debug\aarch64attributeparser.obj
c:\users\devon\apollo\compiler\native\build\apollo-llvm\lib\support\llvmsupport.dir\debug\commandline.obj
c:\users\devon\apollo\compiler\native\build\apollo-llvm\lib\support\llvmsupport.dir\debug\hexagonattributeparser.obj
c:\users\devon\apollo\compiler\native\build\apollo-llvm\lib\support\llvmsupport.dir\debug\mathextras.obj
c:\users\devon\apollo\compiler\native\build\apollo-llvm\lib\support\llvmsupport.dir\debug\msp430attributeparser.obj
c:\users\devon\apollo\compiler\native\build\apollo-llvm\lib\support\llvmsupport.dir\debug\rewritebuffer.obj
c:\users\devon\apollo\compiler\native\build\apollo-llvm\lib\support\llvmsupport.dir\debug\sourcemgr.obj
c:\users\devon\apollo\compiler\native\build\apollo-llvm\lib\support\llvmsupport.dir\debug\virtualoutputfile.obj
c:\users\devon\apollo\compiler\native\build\apollo-llvm\lib\support\llvmsupport.dir\debug\memory.obj
c:\users\devon\apollo\compiler\native\build\apollo-llvm\lib\support\llvmsupport.dir\debug\base64.obj
c:\users\devon\apollo\compiler\native\build\apollo-llvm\lib\support\llvmsupport.dir\debug\chrono.obj
c:\users\devon\apollo\compiler\native\build\apollo-llvm\lib\support\llvmsupport.dir\debug\exponentialbackoff.obj
c:\users\devon\apollo\compiler\native\build\apollo-llvm\lib\support\llvmsupport.dir\debug\leb128.obj
c:\users\devon\apollo\compiler\native\build\apollo-llvm\lib\support\llvmsupport.dir\debug\nativeformatting.obj
c:\users\devon\apollo\compiler\native\build\apollo-llvm\lib\support\llvmsupport.dir\debug\rewriterope.obj
c:\users\devon\apollo\compiler\native\build\apollo-llvm\lib\support\llvmsupport.dir\debug\smallvector.obj
c:\users\devon\apollo\compiler\native\build\apollo-llvm\lib\support\llvmsupport.dir\debug\textencoding.obj
c:\users\devon\apollo\compiler\native\build\apollo-llvm\lib\support\llvmsupport.dir\debug\virtualfilesystem.obj
c:\users\devon\apollo\compiler\native\build\apollo-llvm\lib\support\llvmsupport.dir\debug\armwineh.obj
c:\users\devon\apollo\compiler\native\build\apollo-llvm\lib\support\llvmsupport.dir\debug\circular_raw_ostream.obj
c:\users\devon\apollo\compiler\native\build\apollo-llvm\lib\support\llvmsupport.dir\debug\cskyattributes.obj
c:\users\devon\apollo\compiler\native\build\apollo-llvm\lib\support\llvmsupport.dir\debug\dxilabi.obj
c:\users\devon\apollo\compiler\native\build\apollo-llvm\lib\support\llvmsupport.dir\debug\floatingpointmode.obj
c:\users\devon\apollo\compiler\native\build\apollo-llvm\lib\support\llvmsupport.dir\debug\intervalmap.obj
c:\users\devon\apollo\compiler\native\build\apollo-llvm\lib\support\llvmsupport.dir\debug\memorybufferref.obj
c:\users\devon\apollo\compiler\native\build\apollo-llvm\lib\support\llvmsupport.dir\debug\parallel.obj
c:\users\devon\apollo\compiler\native\build\apollo-llvm\lib\support\llvmsupport.dir\debug\threadpool.obj
c:\users\devon\apollo\compiler\native\build\apollo-llvm\lib\support\llvmsupport.dir\debug\errno.obj
c:\users\devon\apollo\compiler\native\build\apollo-llvm\lib\support\llvmsupport.dir\debug\programstack.obj
c:\users\devon\apollo\compiler\native\build\apollo-llvm\lib\support\llvmsupport.dir\debug\apfixedpoint.obj
c:\users\devon\apollo\compiler\native\build\apollo-llvm\lib\support\llvmsupport.dir\debug\cachepruning.obj
c:\users\devon\apollo\compiler\native\build\apollo-llvm\lib\support\llvmsupport.dir\debug\errorhandling.obj
c:\users\devon\apollo\compiler\native\build\apollo-llvm\lib\support\llvmsupport.dir\debug\mustache.obj
c:\users\devon\apollo\compiler\native\build\apollo-llvm\lib\support\llvmsupport.dir\debug\signposts.obj
c:\users\devon\apollo\compiler\native\build\apollo-llvm\lib\support\llvmsupport.dir\debug\stringref.obj
c:\users\devon\apollo\compiler\native\build\apollo-llvm\lib\support\llvmsupport.dir\debug\versiontuple.obj
c:\users\devon\apollo\compiler\native\build\apollo-llvm\lib\support\llvmsupport.dir\debug\yamltraits.obj
c:\users\devon\apollo\compiler\native\build\apollo-llvm\lib\support\llvmsupport.dir\debug\zoslibfunctions.obj
c:\users\devon\apollo\compiler\native\build\apollo-llvm\debug\lib\llvmsupport.pdb
c:\users\devon\apollo\compiler\native\build\apollo-llvm\lib\support\llvmsupport.dir\debug\regerror.obj
c:\users\devon\apollo\compiler\native\build\apollo-llvm\lib\support\llvmsupport.dir\debug\regcomp.obj
c:\users\devon\apollo\compiler\native\build\apollo-llvm\lib\support\llvmsupport.dir\debug\regfree.obj
c:\users\devon\apollo\compiler\native\build\apollo-llvm\lib\support\llvmsupport.dir\debug\regexec.obj
c:\users\devon\apollo\compiler\native\build\apollo-llvm\lib\support\llvmsupport.dir\debug\regstrlcpy.obj
c:\users\devon\apollo\compiler\native\build\apollo-llvm\lib\support\cmakefiles\generate.stamp
c:\users\devon\apollo\compiler\native\build\apollo-llvm\debug\lib\llvmsupport.lib
c:\users\devon\apollo\compiler\native\build\apollo-llvm\lib\support\llvmsupport.dir\debug\llvmsupport.tlog\cl.11276.write.1.tlog
c:\users\devon\apollo\compiler\native\build\apollo-llvm\lib\support\llvmsupport.dir\debug\llvmsupport.tlog\cl.command.1.tlog
c:\users\devon\apollo\compiler\native\build\apollo-llvm\lib\support\llvmsupport.dir\debug\llvmsupport.tlog\cl.items.tlog
c:\users\devon\apollo\compiler\native\build\apollo-llvm\lib\support\llvmsupport.dir\debug\llvmsupport.tlog\cl.read.1.tlog
c:\users\devon\apollo\compiler\native\build\apollo-llvm\lib\support\llvmsupport.dir\debug\llvmsupport.tlog\custombuild.command.1.tlog
c:\users\devon\apollo\compiler\native\build\apollo-llvm\lib\support\llvmsupport.dir\debug\llvmsupport.tlog\custombuild.read.1.tlog
c:\users\devon\apollo\compiler\native\build\apollo-llvm\lib\support\llvmsupport.dir\debug\llvmsupport.tlog\custombuild.write.1.tlog
c:\users\devon\apollo\compiler\native\build\apollo-llvm\lib\support\llvmsupport.dir\debug\llvmsupport.tlog\lib-link.read.1.tlog
c:\users\devon\apollo\compiler\native\build\apollo-llvm\lib\support\llvmsupport.dir\debug\llvmsupport.tlog\lib-link.write.1.tlog
c:\users\devon\apollo\compiler\native\build\apollo-llvm\lib\support\llvmsupport.dir\debug\llvmsupport.tlog\lib.command.1.tlog
