c:\users\devon\apollo\compiler\native\build\apollo-llvm\lib\binaryformat\llvmbinaryformat.dir\debug\dxcontainer.obj
c:\users\devon\apollo\compiler\native\build\apollo-llvm\lib\binaryformat\llvmbinaryformat.dir\debug\coff.obj
c:\users\devon\apollo\compiler\native\build\apollo-llvm\lib\binaryformat\llvmbinaryformat.dir\debug\msgpackwriter.obj
c:\users\devon\apollo\compiler\native\build\apollo-llvm\lib\binaryformat\llvmbinaryformat.dir\debug\xcoff.obj
c:\users\devon\apollo\compiler\native\build\apollo-llvm\lib\binaryformat\llvmbinaryformat.dir\debug\sframe.obj
c:\users\devon\apollo\compiler\native\build\apollo-llvm\lib\binaryformat\llvmbinaryformat.dir\debug\magic.obj
c:\users\devon\apollo\compiler\native\build\apollo-llvm\lib\binaryformat\llvmbinaryformat.dir\debug\msgpackreader.obj
c:\users\devon\apollo\compiler\native\build\apollo-llvm\lib\binaryformat\llvmbinaryformat.dir\debug\macho.obj
c:\users\devon\apollo\compiler\native\build\apollo-llvm\lib\binaryformat\llvmbinaryformat.dir\debug\msgpackdocument.obj
c:\users\devon\apollo\compiler\native\build\apollo-llvm\lib\binaryformat\llvmbinaryformat.dir\debug\amdgpumetadataverifier.obj
c:\users\devon\apollo\compiler\native\build\apollo-llvm\lib\binaryformat\llvmbinaryformat.dir\debug\wasm.obj
c:\users\devon\apollo\compiler\native\build\apollo-llvm\lib\binaryformat\llvmbinaryformat.dir\debug\dwarf.obj
c:\users\devon\apollo\compiler\native\build\apollo-llvm\lib\binaryformat\llvmbinaryformat.dir\debug\msgpackdocumentyaml.obj
c:\users\devon\apollo\compiler\native\build\apollo-llvm\lib\binaryformat\llvmbinaryformat.dir\debug\elf.obj
c:\users\devon\apollo\compiler\native\build\apollo-llvm\debug\lib\llvmbinaryformat.pdb
c:\users\devon\apollo\compiler\native\build\apollo-llvm\lib\binaryformat\cmakefiles\generate.stamp
c:\users\devon\apollo\compiler\native\build\apollo-llvm\debug\lib\llvmbinaryformat.lib
c:\users\devon\apollo\compiler\native\build\apollo-llvm\lib\binaryformat\llvmbinaryformat.dir\debug\llvmbinaryformat.tlog\cl.11880.write.1.tlog
c:\users\devon\apollo\compiler\native\build\apollo-llvm\lib\binaryformat\llvmbinaryformat.dir\debug\llvmbinaryformat.tlog\cl.command.1.tlog
c:\users\devon\apollo\compiler\native\build\apollo-llvm\lib\binaryformat\llvmbinaryformat.dir\debug\llvmbinaryformat.tlog\cl.items.tlog
c:\users\devon\apollo\compiler\native\build\apollo-llvm\lib\binaryformat\llvmbinaryformat.dir\debug\llvmbinaryformat.tlog\cl.read.1.tlog
c:\users\devon\apollo\compiler\native\build\apollo-llvm\lib\binaryformat\llvmbinaryformat.dir\debug\llvmbinaryformat.tlog\custombuild.command.1.tlog
c:\users\devon\apollo\compiler\native\build\apollo-llvm\lib\binaryformat\llvmbinaryformat.dir\debug\llvmbinaryformat.tlog\custombuild.read.1.tlog
c:\users\devon\apollo\compiler\native\build\apollo-llvm\lib\binaryformat\llvmbinaryformat.dir\debug\llvmbinaryformat.tlog\custombuild.write.1.tlog
c:\users\devon\apollo\compiler\native\build\apollo-llvm\lib\binaryformat\llvmbinaryformat.dir\debug\llvmbinaryformat.tlog\lib-link.read.1.tlog
c:\users\devon\apollo\compiler\native\build\apollo-llvm\lib\binaryformat\llvmbinaryformat.dir\debug\llvmbinaryformat.tlog\lib-link.write.1.tlog
c:\users\devon\apollo\compiler\native\build\apollo-llvm\lib\binaryformat\llvmbinaryformat.dir\debug\llvmbinaryformat.tlog\lib.command.1.tlog
