ld.lld: error: undefined symbol: std::basic_ostream<char, std::char_traits<char>>& std::__ostream_insert<char, std::char_traits<char>>(std::basic_ostream<char, std::char_traits<char>>&, char const*, long long)
>>> referenced by C:\Users\devon\Apollo\Apollo-Main\compiler\output\apollo_direct_ir_runtime_support.obj:(apollo_execute_apollo_payload)
>>> referenced by C:\Users\devon\Apollo\Apollo-Main\compiler\output\apollo_direct_ir_runtime_support.obj:(apollo_execute_apollo_payload)
>>> referenced by C:\Users\devon\Apollo\Apollo-Main\compiler\output\apollo_direct_ir_runtime_support.obj:(apollo_execute_apollo_payload)
>>> referenced 6 more times

ld.lld: error: undefined symbol: std::ctype<char>::_M_widen_init() const
>>> referenced by C:\Users\devon\Apollo\Apollo-Main\compiler\output\apollo_direct_ir_runtime_support.obj:(apollo_execute_apollo_payload)
>>> referenced by C:\Users\devon\Apollo\Apollo-Main\compiler\output\apollo_direct_ir_runtime_support.obj:(apollo_execute_apollo_payload)
>>> referenced by C:\Users\devon\Apollo\Apollo-Main\compiler\output\apollo_direct_ir_runtime_support.obj:(apollo_execute_apollo_payload)
>>> referenced 3 more times

ld.lld: error: undefined symbol: std::ostream::put(char)
>>> referenced by C:\Users\devon\Apollo\Apollo-Main\compiler\output\apollo_direct_ir_runtime_support.obj:(apollo_execute_apollo_payload)
>>> referenced by C:\Users\devon\Apollo\Apollo-Main\compiler\output\apollo_direct_ir_runtime_support.obj:(apollo_execute_apollo_payload)
>>> referenced by C:\Users\devon\Apollo\Apollo-Main\compiler\output\apollo_direct_ir_runtime_support.obj:(apollo_execute_apollo_payload)
>>> referenced 2 more times

ld.lld: error: undefined symbol: std::ostream::flush()
>>> referenced by C:\Users\devon\Apollo\Apollo-Main\compiler\output\apollo_direct_ir_runtime_support.obj:(apollo_execute_apollo_payload)
>>> referenced by C:\Users\devon\Apollo\Apollo-Main\compiler\output\apollo_direct_ir_runtime_support.obj:(apollo_execute_apollo_payload)
>>> referenced by C:\Users\devon\Apollo\Apollo-Main\compiler\output\apollo_direct_ir_runtime_support.obj:(apollo_execute_apollo_payload)
>>> referenced 2 more times

ld.lld: error: undefined symbol: std::_Hash_bytes(void const*, unsigned long long, unsigned long long)
>>> referenced by C:\Users\devon\Apollo\Apollo-Main\compiler\output\apollo_direct_ir_runtime_support.obj:(apollo_execute_apollo_payload)
>>> referenced by C:\Users\devon\Apollo\Apollo-Main\compiler\output\apollo_direct_ir_runtime_support.obj:((anonymous namespace)::evalApolloExpr(std::__cxx11::basic_string<char, std::char_traits<char>, std::allocator<char>> const&, std::unordered_map<std::__cxx11::basic_string<char, std::char_traits<char>, std::allocator<char>>, (anonymous namespace)::ApolloPayloadValue, std::hash<std::__cxx11::basic_string<char, std::char_traits<char>, std::allocator<char>>>, std::equal_to<std::__cxx11::basic_string<char, std::char_traits<char>, std::allocator<char>>>, std::allocator<std::pair<std::__cxx11::basic_string<char, std::char_traits<char>, std::allocator<char>> const, (anonymous namespace)::ApolloPayloadValue>>>&, (anonymous namespace)::ApolloPayloadValue&))

ld.lld: error: undefined symbol: std::__detail::_Prime_rehash_policy::_M_need_rehash(unsigned long long, unsigned long long, unsigned long long) const
>>> referenced by C:\Users\devon\Apollo\Apollo-Main\compiler\output\apollo_direct_ir_runtime_support.obj:(apollo_execute_apollo_payload)

ld.lld: error: undefined symbol: std::__throw_bad_array_new_length()
>>> referenced by C:\Users\devon\Apollo\Apollo-Main\compiler\output\apollo_direct_ir_runtime_support.obj:(apollo_execute_apollo_payload)

ld.lld: error: undefined symbol: std::__throw_bad_cast()
>>> referenced by C:\Users\devon\Apollo\Apollo-Main\compiler\output\apollo_direct_ir_runtime_support.obj:(apollo_execute_apollo_payload)
>>> referenced by C:\Users\devon\Apollo\Apollo-Main\compiler\output\apollo_direct_ir_runtime_support.obj:(apollo_execute_apollo_payload)
>>> referenced by C:\Users\devon\Apollo\Apollo-Main\compiler\output\apollo_direct_ir_runtime_support.obj:(apollo_execute_apollo_payload)
>>> referenced 2 more times

ld.lld: error: undefined symbol: std::__throw_length_error(char const*)
>>> referenced by C:\Users\devon\Apollo\Apollo-Main\compiler\output\apollo_direct_ir_runtime_support.obj:(apollo_execute_apollo_payload)
>>> referenced by C:\Users\devon\Apollo\Apollo-Main\compiler\output\apollo_direct_ir_runtime_support.obj:((anonymous namespace)::splitTopLevel(std::__cxx11::basic_string<char, std::char_traits<char>, std::allocator<char>> const&, char))
>>> referenced by C:\Users\devon\Apollo\Apollo-Main\compiler\output\apollo_direct_ir_runtime_support.obj:((anonymous namespace)::evalApolloExpr(std::__cxx11::basic_string<char, std::char_traits<char>, std::allocator<char>> const&, std::unordered_map<std::__cxx11::basic_string<char, std::char_traits<char>, std::allocator<char>>, (anonymous namespace)::ApolloPayloadValue, std::hash<std::__cxx11::basic_string<char, std::char_traits<char>, std::allocator<char>>>, std::equal_to<std::__cxx11::basic_string<char, std::char_traits<char>, std::allocator<char>>>, std::allocator<std::pair<std::__cxx11::basic_string<char, std::char_traits<char>, std::allocator<char>> const, (anonymous namespace)::ApolloPayloadValue>>>&, (anonymous namespace)::ApolloPayloadValue&))
>>> referenced 6 more times

ld.lld: error: undefined symbol: std::__throw_out_of_range_fmt(char const*, ...)
>>> referenced by C:\Users\devon\Apollo\Apollo-Main\compiler\output\apollo_direct_ir_runtime_support.obj:((anonymous namespace)::trimCopy(std::__cxx11::basic_string<char, std::char_traits<char>, std::allocator<char>> const&))

ld.lld: error: undefined symbol: std::basic_istream<char, std::char_traits<char>>& std::ws<char, std::char_traits<char>>(std::basic_istream<char, std::char_traits<char>>&)
>>> referenced by C:\Users\devon\Apollo\Apollo-Main\compiler\output\apollo_direct_ir_runtime_support.obj:((anonymous namespace)::evalApolloExpr(std::__cxx11::basic_string<char, std::char_traits<char>, std::allocator<char>> const&, std::unordered_map<std::__cxx11::basic_string<char, std::char_traits<char>, std::allocator<char>>, (anonymous namespace)::ApolloPayloadValue, std::hash<std::__cxx11::basic_string<char, std::char_traits<char>, std::allocator<char>>>, std::equal_to<std::__cxx11::basic_string<char, std::char_traits<char>, std::allocator<char>>>, std::allocator<std::pair<std::__cxx11::basic_string<char, std::char_traits<char>, std::allocator<char>> const, (anonymous namespace)::ApolloPayloadValue>>>&, (anonymous namespace)::ApolloPayloadValue&))

ld.lld: error: undefined symbol: std::basic_istream<char, std::char_traits<char>>& std::getline<char, std::char_traits<char>, std::allocator<char>>(std::basic_istream<char, std::char_traits<char>>&, std::__cxx11::basic_string<char, std::char_traits<char>, std::allocator<char>>&, char)
>>> referenced by C:\Users\devon\Apollo\Apollo-Main\compiler\output\apollo_direct_ir_runtime_support.obj:((anonymous namespace)::evalApolloExpr(std::__cxx11::basic_string<char, std::char_traits<char>, std::allocator<char>> const&, std::unordered_map<std::__cxx11::basic_string<char, std::char_traits<char>, std::allocator<char>>, (anonymous namespace)::ApolloPayloadValue, std::hash<std::__cxx11::basic_string<char, std::char_traits<char>, std::allocator<char>>>, std::equal_to<std::__cxx11::basic_string<char, std::char_traits<char>, std::allocator<char>>>, std::allocator<std::pair<std::__cxx11::basic_string<char, std::char_traits<char>, std::allocator<char>> const, (anonymous namespace)::ApolloPayloadValue>>>&, (anonymous namespace)::ApolloPayloadValue&))

ld.lld: error: undefined symbol: std::__throw_invalid_argument(char const*)
>>> referenced by C:\Users\devon\Apollo\Apollo-Main\compiler\output\apollo_direct_ir_runtime_support.obj:(std::__cxx11::stoll(std::__cxx11::basic_string<char, std::char_traits<char>, std::allocator<char>> const&, unsigned long long*, int))

ld.lld: error: undefined symbol: std::__throw_out_of_range(char const*)
>>> referenced by C:\Users\devon\Apollo\Apollo-Main\compiler\output\apollo_direct_ir_runtime_support.obj:(std::__cxx11::stoll(std::__cxx11::basic_string<char, std::char_traits<char>, std::allocator<char>> const&, unsigned long long*, int))

ld.lld: error: undefined symbol: std::cin
>>> referenced by C:\Users\devon\Apollo\Apollo-Main\compiler\output\apollo_direct_ir_runtime_support.obj:(.refptr._ZSt3cin)

ld.lld: error: undefined symbol: std::cerr
>>> referenced by C:\Users\devon\Apollo\Apollo-Main\compiler\output\apollo_direct_ir_runtime_support.obj:(.refptr._ZSt4cerr)

ld.lld: error: undefined symbol: std::cout
>>> referenced by C:\Users\devon\Apollo\Apollo-Main\compiler\output\apollo_direct_ir_runtime_support.obj:(.refptr._ZSt4cout)
clang++: error: linker command failed with exit code 1 (use -v to see invocation)
Command failed (exit 1): C:\msys64\clang64\bin\clang++.exe C:\Users\devon\Apollo\Apollo-Main\compiler\output\output.obj -o C:\Users\devon\Apollo\Apollo-Main\compiler\output\typedef_opstruct_user_repro_test.exe -static -static-libstdc++ -static-libgcc --target=x86_64-w64-windows-gnu C:\Users\devon\Apollo\Apollo-Main\compiler\output\apollo_direct_ir_runtime_support.obj
