c:\users\devon\apollo\compiler\native\build\apollo-llvm\lib\support\blake3\llvmsupportblake3.dir\debug\blake3.obj
c:\users\devon\apollo\compiler\native\build\apollo-llvm\lib\support\blake3\llvmsupportblake3.dir\debug\blake3_dispatch.obj
c:\users\devon\apollo\compiler\native\build\apollo-llvm\lib\support\blake3\llvmsupportblake3.dir\debug\blake3_portable.obj
c:\users\devon\apollo\compiler\native\build\apollo-llvm\lib\support\blake3\llvmsupportblake3.dir\debug\blake3_neon.obj
c:\users\devon\apollo\compiler\native\build\apollo-llvm\lib\support\blake3\llvmsupportblake3.dir\debug\llvmsupportblake3.pdb
c:\users\devon\apollo\compiler\native\build\apollo-llvm\lib\support\blake3\cmakefiles\generate.stamp
c:\users\devon\apollo\compiler\native\build\apollo-llvm\lib\support\blake3\llvmsupportblake3.dir\debug\llvmsupportblake3.lib
c:\users\devon\apollo\compiler\native\build\apollo-llvm\lib\support\blake3\llvmsupportblake3.dir\debug\blake3_sse2_x86-64_windows_msvc.obj
c:\users\devon\apollo\compiler\native\build\apollo-llvm\lib\support\blake3\llvmsupportblake3.dir\debug\blake3_sse41_x86-64_windows_msvc.obj
c:\users\devon\apollo\compiler\native\build\apollo-llvm\lib\support\blake3\llvmsupportblake3.dir\debug\blake3_avx2_x86-64_windows_msvc.obj
c:\users\devon\apollo\compiler\native\build\apollo-llvm\lib\support\blake3\llvmsupportblake3.dir\debug\blake3_avx512_x86-64_windows_msvc.obj
c:\users\devon\apollo\compiler\native\build\apollo-llvm\lib\support\blake3\llvmsupportblake3.dir\debug\llvmsupp.94a27d49.tlog\cl.10660.write.1.tlog
c:\users\devon\apollo\compiler\native\build\apollo-llvm\lib\support\blake3\llvmsupportblake3.dir\debug\llvmsupp.94a27d49.tlog\cl.command.1.tlog
c:\users\devon\apollo\compiler\native\build\apollo-llvm\lib\support\blake3\llvmsupportblake3.dir\debug\llvmsupp.94a27d49.tlog\cl.items.tlog
c:\users\devon\apollo\compiler\native\build\apollo-llvm\lib\support\blake3\llvmsupportblake3.dir\debug\llvmsupp.94a27d49.tlog\cl.read.1.tlog
c:\users\devon\apollo\compiler\native\build\apollo-llvm\lib\support\blake3\llvmsupportblake3.dir\debug\llvmsupp.94a27d49.tlog\custombuild.command.1.tlog
c:\users\devon\apollo\compiler\native\build\apollo-llvm\lib\support\blake3\llvmsupportblake3.dir\debug\llvmsupp.94a27d49.tlog\custombuild.read.1.tlog
c:\users\devon\apollo\compiler\native\build\apollo-llvm\lib\support\blake3\llvmsupportblake3.dir\debug\llvmsupp.94a27d49.tlog\custombuild.write.1.tlog
c:\users\devon\apollo\compiler\native\build\apollo-llvm\lib\support\blake3\llvmsupportblake3.dir\debug\llvmsupp.94a27d49.tlog\lib-link.read.1.tlog
c:\users\devon\apollo\compiler\native\build\apollo-llvm\lib\support\blake3\llvmsupportblake3.dir\debug\llvmsupp.94a27d49.tlog\lib-link.write.1.tlog
c:\users\devon\apollo\compiler\native\build\apollo-llvm\lib\support\blake3\llvmsupportblake3.dir\debug\llvmsupp.94a27d49.tlog\lib.command.1.tlog
c:\users\devon\apollo\compiler\native\build\apollo-llvm\lib\support\blake3\llvmsupportblake3.dir\debug\llvmsupp.94a27d49.tlog\masm.read.1u.tlog
c:\users\devon\apollo\compiler\native\build\apollo-llvm\lib\support\blake3\llvmsupportblake3.dir\debug\llvmsupp.94a27d49.tlog\masm.write.1u.tlog
