c:\users\devon\apollo\compiler\native\build\apollo-llvm\utils\tablegen\llvm-min-tblgen.dir\debug\vc145.pdb
c:\users\devon\apollo\compiler\native\build\apollo-llvm\utils\tablegen\llvm-min-tblgen.dir\debug\llvm-min-tblgen.obj
c:\users\devon\apollo\compiler\native\build\apollo-llvm\utils\tablegen\cmakefiles\generate.stamp
c:\users\devon\apollo\compiler\native\build\apollo-llvm\debug\bin\llvm-min-tblgen.exe
c:\users\devon\apollo\compiler\native\build\apollo-llvm\debug\bin\llvm-min-tblgen.pdb
c:\users\devon\apollo\compiler\native\build\apollo-llvm\utils\tablegen\llvm-min-tblgen.dir\debug\windows_version_resource.res
c:\users\devon\apollo\compiler\native\build\apollo-llvm\utils\tablegen\llvm-min-tblgen.dir\debug\llvm-min-tblgen.ilk
c:\users\devon\apollo\compiler\native\build\apollo-llvm\utils\tablegen\llvm-min-tblgen.dir\debug\llvm-min-tblgen.tlog\cl.command.1.tlog
c:\users\devon\apollo\compiler\native\build\apollo-llvm\utils\tablegen\llvm-min-tblgen.dir\debug\llvm-min-tblgen.tlog\cl.items.tlog
c:\users\devon\apollo\compiler\native\build\apollo-llvm\utils\tablegen\llvm-min-tblgen.dir\debug\llvm-min-tblgen.tlog\cl.read.1.tlog
c:\users\devon\apollo\compiler\native\build\apollo-llvm\utils\tablegen\llvm-min-tblgen.dir\debug\llvm-min-tblgen.tlog\cl.write.1.tlog
c:\users\devon\apollo\compiler\native\build\apollo-llvm\utils\tablegen\llvm-min-tblgen.dir\debug\llvm-min-tblgen.tlog\custombuild.command.1.tlog
c:\users\devon\apollo\compiler\native\build\apollo-llvm\utils\tablegen\llvm-min-tblgen.dir\debug\llvm-min-tblgen.tlog\custombuild.read.1.tlog
c:\users\devon\apollo\compiler\native\build\apollo-llvm\utils\tablegen\llvm-min-tblgen.dir\debug\llvm-min-tblgen.tlog\custombuild.write.1.tlog
c:\users\devon\apollo\compiler\native\build\apollo-llvm\utils\tablegen\llvm-min-tblgen.dir\debug\llvm-min-tblgen.tlog\link.command.1.tlog
c:\users\devon\apollo\compiler\native\build\apollo-llvm\utils\tablegen\llvm-min-tblgen.dir\debug\llvm-min-tblgen.tlog\link.read.1.tlog
c:\users\devon\apollo\compiler\native\build\apollo-llvm\utils\tablegen\llvm-min-tblgen.dir\debug\llvm-min-tblgen.tlog\link.secondary.1.tlog
c:\users\devon\apollo\compiler\native\build\apollo-llvm\utils\tablegen\llvm-min-tblgen.dir\debug\llvm-min-tblgen.tlog\link.write.1.tlog
c:\users\devon\apollo\compiler\native\build\apollo-llvm\utils\tablegen\llvm-min-tblgen.dir\debug\llvm-min-tblgen.tlog\rc.command.1.tlog
c:\users\devon\apollo\compiler\native\build\apollo-llvm\utils\tablegen\llvm-min-tblgen.dir\debug\llvm-min-tblgen.tlog\rc.read.1.tlog
c:\users\devon\apollo\compiler\native\build\apollo-llvm\utils\tablegen\llvm-min-tblgen.dir\debug\llvm-min-tblgen.tlog\rc.write.1.tlog
