c:\users\devon\apollo\compiler\native\build\cmakefiles\generate.stamp
c:\users\devon\apollo\compiler\native\build\apollo-llvm\cmakefiles\generate.stamp
c:\users\devon\apollo\compiler\native\build\apollo-llvm\lib\demangle\cmakefiles\generate.stamp
c:\users\devon\apollo\compiler\native\build\apollo-llvm\lib\support\cmakefiles\generate.stamp
c:\users\devon\apollo\compiler\native\build\apollo-llvm\lib\support\blake3\cmakefiles\generate.stamp
c:\users\devon\apollo\compiler\native\build\apollo-llvm\lib\support\lsp\cmakefiles\generate.stamp
c:\users\devon\apollo\compiler\native\build\apollo-llvm\lib\tablegen\cmakefiles\generate.stamp
c:\users\devon\apollo\compiler\native\build\apollo-llvm\utils\tablegen\cmakefiles\generate.stamp
c:\users\devon\apollo\compiler\native\build\apollo-llvm\utils\tablegen\basic\cmakefiles\generate.stamp
c:\users\devon\apollo\compiler\native\build\apollo-llvm\utils\tablegen\common\cmakefiles\generate.stamp
c:\users\devon\apollo\compiler\native\build\apollo-llvm\include\cmakefiles\generate.stamp
c:\users\devon\apollo\compiler\native\build\apollo-llvm\include\llvm\cmakefiles\generate.stamp
c:\users\devon\apollo\compiler\native\build\apollo-llvm\include\llvm\analysis\cmakefiles\generate.stamp
c:\users\devon\apollo\compiler\native\build\apollo-llvm\include\llvm\codegen\cmakefiles\generate.stamp
c:\users\devon\apollo\compiler\native\build\apollo-llvm\include\llvm\ir\cmakefiles\generate.stamp
c:\users\devon\apollo\compiler\native\build\apollo-llvm\include\llvm\support\cmakefiles\generate.stamp
c:\users\devon\apollo\compiler\native\build\apollo-llvm\include\llvm\frontend\cmakefiles\generate.stamp
c:\users\devon\apollo\compiler\native\build\apollo-llvm\include\llvm\frontend\openacc\cmakefiles\generate.stamp
c:\users\devon\apollo\compiler\native\build\apollo-llvm\include\llvm\frontend\openmp\cmakefiles\generate.stamp
c:\users\devon\apollo\compiler\native\build\apollo-llvm\include\llvm\targetparser\cmakefiles\generate.stamp
c:\users\devon\apollo\compiler\native\build\apollo-llvm\lib\cmakefiles\generate.stamp
c:\users\devon\apollo\compiler\native\build\apollo-llvm\lib\ir\cmakefiles\generate.stamp
c:\users\devon\apollo\compiler\native\build\apollo-llvm\lib\abi\cmakefiles\generate.stamp
c:\users\devon\apollo\compiler\native\build\apollo-llvm\lib\fuzzmutate\cmakefiles\generate.stamp
c:\users\devon\apollo\compiler\native\build\apollo-llvm\lib\filecheck\cmakefiles\generate.stamp
c:\users\devon\apollo\compiler\native\build\apollo-llvm\lib\interfacestub\cmakefiles\generate.stamp
c:\users\devon\apollo\compiler\native\build\apollo-llvm\lib\irprinter\cmakefiles\generate.stamp
c:\users\devon\apollo\compiler\native\build\apollo-llvm\lib\irreader\cmakefiles\generate.stamp
c:\users\devon\apollo\compiler\native\build\apollo-llvm\lib\cas\cmakefiles\generate.stamp
c:\users\devon\apollo\compiler\native\build\apollo-llvm\lib\cgdata\cmakefiles\generate.stamp
c:\users\devon\apollo\compiler\native\build\apollo-llvm\lib\codegen\cmakefiles\generate.stamp
c:\users\devon\apollo\compiler\native\build\apollo-llvm\lib\codegen\selectiondag\cmakefiles\generate.stamp
c:\users\devon\apollo\compiler\native\build\apollo-llvm\lib\codegen\asmprinter\cmakefiles\generate.stamp
c:\users\devon\apollo\compiler\native\build\apollo-llvm\lib\codegen\mirparser\cmakefiles\generate.stamp
c:\users\devon\apollo\compiler\native\build\apollo-llvm\lib\codegen\globalisel\cmakefiles\generate.stamp
c:\users\devon\apollo\compiler\native\build\apollo-llvm\lib\codegentypes\cmakefiles\generate.stamp
c:\users\devon\apollo\compiler\native\build\apollo-llvm\lib\binaryformat\cmakefiles\generate.stamp
c:\users\devon\apollo\compiler\native\build\apollo-llvm\lib\bitcode\cmakefiles\generate.stamp
c:\users\devon\apollo\compiler\native\build\apollo-llvm\lib\bitcode\reader\cmakefiles\generate.stamp
c:\users\devon\apollo\compiler\native\build\apollo-llvm\lib\bitcode\writer\cmakefiles\generate.stamp
c:\users\devon\apollo\compiler\native\build\apollo-llvm\lib\bitstream\cmakefiles\generate.stamp
c:\users\devon\apollo\compiler\native\build\apollo-llvm\lib\bitstream\reader\cmakefiles\generate.stamp
c:\users\devon\apollo\compiler\native\build\apollo-llvm\lib\dwarflinker\cmakefiles\generate.stamp
c:\users\devon\apollo\compiler\native\build\apollo-llvm\lib\dwarflinker\classic\cmakefiles\generate.stamp
c:\users\devon\apollo\compiler\native\build\apollo-llvm\lib\dwarflinker\parallel\cmakefiles\generate.stamp
c:\users\devon\apollo\compiler\native\build\apollo-llvm\lib\extensions\cmakefiles\generate.stamp
c:\users\devon\apollo\compiler\native\build\apollo-llvm\lib\frontend\cmakefiles\generate.stamp
c:\users\devon\apollo\compiler\native\build\apollo-llvm\lib\frontend\atomic\cmakefiles\generate.stamp
c:\users\devon\apollo\compiler\native\build\apollo-llvm\lib\frontend\directive\cmakefiles\generate.stamp
c:\users\devon\apollo\compiler\native\build\apollo-llvm\lib\frontend\driver\cmakefiles\generate.stamp
c:\users\devon\apollo\compiler\native\build\apollo-llvm\lib\frontend\hlsl\cmakefiles\generate.stamp
c:\users\devon\apollo\compiler\native\build\apollo-llvm\lib\frontend\openacc\cmakefiles\generate.stamp
c:\users\devon\apollo\compiler\native\build\apollo-llvm\lib\frontend\openmp\cmakefiles\generate.stamp
c:\users\devon\apollo\compiler\native\build\apollo-llvm\lib\frontend\offloading\cmakefiles\generate.stamp
c:\users\devon\apollo\compiler\native\build\apollo-llvm\lib\transforms\cmakefiles\generate.stamp
c:\users\devon\apollo\compiler\native\build\apollo-llvm\lib\transforms\utils\cmakefiles\generate.stamp
c:\users\devon\apollo\compiler\native\build\apollo-llvm\lib\transforms\instrumentation\cmakefiles\generate.stamp
c:\users\devon\apollo\compiler\native\build\apollo-llvm\lib\transforms\aggressiveinstcombine\cmakefiles\generate.stamp
c:\users\devon\apollo\compiler\native\build\apollo-llvm\lib\transforms\instcombine\cmakefiles\generate.stamp
c:\users\devon\apollo\compiler\native\build\apollo-llvm\lib\transforms\scalar\cmakefiles\generate.stamp
c:\users\devon\apollo\compiler\native\build\apollo-llvm\lib\transforms\ipo\cmakefiles\generate.stamp
c:\users\devon\apollo\compiler\native\build\apollo-llvm\lib\transforms\vectorize\cmakefiles\generate.stamp
c:\users\devon\apollo\compiler\native\build\apollo-llvm\lib\transforms\objcarc\cmakefiles\generate.stamp
c:\users\devon\apollo\compiler\native\build\apollo-llvm\lib\transforms\coroutines\cmakefiles\generate.stamp
c:\users\devon\apollo\compiler\native\build\apollo-llvm\lib\transforms\cfguard\cmakefiles\generate.stamp
c:\users\devon\apollo\compiler\native\build\apollo-llvm\lib\transforms\hipstdpar\cmakefiles\generate.stamp
c:\users\devon\apollo\compiler\native\build\apollo-llvm\lib\linker\cmakefiles\generate.stamp
c:\users\devon\apollo\compiler\native\build\apollo-llvm\lib\analysis\cmakefiles\generate.stamp
c:\users\devon\apollo\compiler\native\build\apollo-llvm\lib\dtlto\cmakefiles\generate.stamp
c:\users\devon\apollo\compiler\native\build\apollo-llvm\lib\lto\cmakefiles\generate.stamp
c:\users\devon\apollo\compiler\native\build\apollo-llvm\lib\mc\cmakefiles\generate.stamp
c:\users\devon\apollo\compiler\native\build\apollo-llvm\lib\mc\mcparser\cmakefiles\generate.stamp
c:\users\devon\apollo\compiler\native\build\apollo-llvm\lib\mc\mcdisassembler\cmakefiles\generate.stamp
c:\users\devon\apollo\compiler\native\build\apollo-llvm\lib\mca\cmakefiles\generate.stamp
c:\users\devon\apollo\compiler\native\build\apollo-llvm\lib\objcopy\cmakefiles\generate.stamp
c:\users\devon\apollo\compiler\native\build\apollo-llvm\lib\object\cmakefiles\generate.stamp
c:\users\devon\apollo\compiler\native\build\apollo-llvm\lib\objectyaml\cmakefiles\generate.stamp
c:\users\devon\apollo\compiler\native\build\apollo-llvm\lib\option\cmakefiles\generate.stamp
c:\users\devon\apollo\compiler\native\build\apollo-llvm\lib\remarks\cmakefiles\generate.stamp
c:\users\devon\apollo\compiler\native\build\apollo-llvm\lib\http\cmakefiles\generate.stamp
c:\users\devon\apollo\compiler\native\build\apollo-llvm\lib\debuginfod\cmakefiles\generate.stamp
c:\users\devon\apollo\compiler\native\build\apollo-llvm\lib\debuginfo\cmakefiles\generate.stamp
c:\users\devon\apollo\compiler\native\build\apollo-llvm\lib\debuginfo\dwarf\cmakefiles\generate.stamp
c:\users\devon\apollo\compiler\native\build\apollo-llvm\lib\debuginfo\dwarf\lowlevel\cmakefiles\generate.stamp
c:\users\devon\apollo\compiler\native\build\apollo-llvm\lib\debuginfo\gsym\cmakefiles\generate.stamp
c:\users\devon\apollo\compiler\native\build\apollo-llvm\lib\debuginfo\logicalview\cmakefiles\generate.stamp
c:\users\devon\apollo\compiler\native\build\apollo-llvm\lib\debuginfo\msf\cmakefiles\generate.stamp
c:\users\devon\apollo\compiler\native\build\apollo-llvm\lib\debuginfo\codeview\cmakefiles\generate.stamp
c:\users\devon\apollo\compiler\native\build\apollo-llvm\lib\debuginfo\pdb\cmakefiles\generate.stamp
c:\users\devon\apollo\compiler\native\build\apollo-llvm\lib\debuginfo\symbolize\cmakefiles\generate.stamp
c:\users\devon\apollo\compiler\native\build\apollo-llvm\lib\debuginfo\btf\cmakefiles\generate.stamp
c:\users\devon\apollo\compiler\native\build\apollo-llvm\lib\dwarfcfichecker\cmakefiles\generate.stamp
c:\users\devon\apollo\compiler\native\build\apollo-llvm\lib\dwp\cmakefiles\generate.stamp
c:\users\devon\apollo\compiler\native\build\apollo-llvm\lib\executionengine\cmakefiles\generate.stamp
c:\users\devon\apollo\compiler\native\build\apollo-llvm\lib\executionengine\interpreter\cmakefiles\generate.stamp
c:\users\devon\apollo\compiler\native\build\apollo-llvm\lib\executionengine\jitlink\cmakefiles\generate.stamp
c:\users\devon\apollo\compiler\native\build\apollo-llvm\lib\executionengine\mcjit\cmakefiles\generate.stamp
c:\users\devon\apollo\compiler\native\build\apollo-llvm\lib\executionengine\orc\cmakefiles\generate.stamp
c:\users\devon\apollo\compiler\native\build\apollo-llvm\lib\executionengine\orc\debugging\cmakefiles\generate.stamp
c:\users\devon\apollo\compiler\native\build\apollo-llvm\lib\executionengine\orc\shared\cmakefiles\generate.stamp
c:\users\devon\apollo\compiler\native\build\apollo-llvm\lib\executionengine\orc\targetprocess\cmakefiles\generate.stamp
c:\users\devon\apollo\compiler\native\build\apollo-llvm\lib\executionengine\runtimedyld\cmakefiles\generate.stamp
c:\users\devon\apollo\compiler\native\build\apollo-llvm\lib\target\cmakefiles\generate.stamp
c:\users\devon\apollo\compiler\native\build\apollo-llvm\lib\target\x86\cmakefiles\generate.stamp
c:\users\devon\apollo\compiler\native\build\apollo-llvm\lib\target\x86\asmparser\cmakefiles\generate.stamp
c:\users\devon\apollo\compiler\native\build\apollo-llvm\lib\target\x86\disassembler\cmakefiles\generate.stamp
c:\users\devon\apollo\compiler\native\build\apollo-llvm\lib\target\x86\mca\cmakefiles\generate.stamp
c:\users\devon\apollo\compiler\native\build\apollo-llvm\lib\target\x86\mctargetdesc\cmakefiles\generate.stamp
c:\users\devon\apollo\compiler\native\build\apollo-llvm\lib\target\x86\targetinfo\cmakefiles\generate.stamp
c:\users\devon\apollo\compiler\native\build\apollo-llvm\lib\sandboxir\cmakefiles\generate.stamp
c:\users\devon\apollo\compiler\native\build\apollo-llvm\lib\asmparser\cmakefiles\generate.stamp
c:\users\devon\apollo\compiler\native\build\apollo-llvm\lib\lineeditor\cmakefiles\generate.stamp
c:\users\devon\apollo\compiler\native\build\apollo-llvm\lib\profiledata\cmakefiles\generate.stamp
c:\users\devon\apollo\compiler\native\build\apollo-llvm\lib\profiledata\coverage\cmakefiles\generate.stamp
c:\users\devon\apollo\compiler\native\build\apollo-llvm\lib\passes\cmakefiles\generate.stamp
c:\users\devon\apollo\compiler\native\build\apollo-llvm\lib\plugins\cmakefiles\generate.stamp
c:\users\devon\apollo\compiler\native\build\apollo-llvm\lib\targetparser\cmakefiles\generate.stamp
c:\users\devon\apollo\compiler\native\build\apollo-llvm\lib\textapi\cmakefiles\generate.stamp
c:\users\devon\apollo\compiler\native\build\apollo-llvm\lib\textapi\binaryreader\cmakefiles\generate.stamp
c:\users\devon\apollo\compiler\native\build\apollo-llvm\lib\telemetry\cmakefiles\generate.stamp
c:\users\devon\apollo\compiler\native\build\apollo-llvm\lib\tooldrivers\cmakefiles\generate.stamp
c:\users\devon\apollo\compiler\native\build\apollo-llvm\lib\tooldrivers\llvm-dlltool\cmakefiles\generate.stamp
c:\users\devon\apollo\compiler\native\build\apollo-llvm\lib\tooldrivers\llvm-lib\cmakefiles\generate.stamp
c:\users\devon\apollo\compiler\native\build\apollo-llvm\lib\xray\cmakefiles\generate.stamp
c:\users\devon\apollo\compiler\native\build\apollo-llvm\lib\windowsdriver\cmakefiles\generate.stamp
c:\users\devon\apollo\compiler\native\build\apollo-llvm\lib\windowsmanifest\cmakefiles\generate.stamp
c:\users\devon\apollo\compiler\native\build\apollo-llvm\utils\llvmvisualizers\cmakefiles\generate.stamp
c:\users\devon\apollo\compiler\native\build\apollo-llvm\projects\cmakefiles\generate.stamp
c:\users\devon\apollo\compiler\native\build\apollo-llvm\runtimes\cmakefiles\generate.stamp
c:\users\devon\apollo\compiler\native\build\apollo-llvm\cmake\modules\cmakefiles\generate.stamp
c:\users\devon\apollo\compiler\native\build\x64\debug\zero_check\zero_check.tlog\custombuild.command.1.tlog
c:\users\devon\apollo\compiler\native\build\x64\debug\zero_check\zero_check.tlog\custombuild.read.1.tlog
c:\users\devon\apollo\compiler\native\build\x64\debug\zero_check\zero_check.tlog\custombuild.write.1.tlog
