c:\users\devon\apollo\compiler\native\build\apollo-llvm\utils\tablegen\basic\obj.llvmtablegenbasic.dir\debug\riscvtargetdefemitter.obj
c:\users\devon\apollo\compiler\native\build\apollo-llvm\utils\tablegen\basic\obj.llvmtablegenbasic.dir\debug\codegenintrinsics.obj
c:\users\devon\apollo\compiler\native\build\apollo-llvm\utils\tablegen\basic\obj.llvmtablegenbasic.dir\debug\tablegen.obj
c:\users\devon\apollo\compiler\native\build\apollo-llvm\utils\tablegen\basic\obj.llvmtablegenbasic.dir\debug\runtimelibcallsemitter.obj
c:\users\devon\apollo\compiler\native\build\apollo-llvm\utils\tablegen\basic\obj.llvmtablegenbasic.dir\debug\sdnodeproperties.obj
c:\users\devon\apollo\compiler\native\build\apollo-llvm\utils\tablegen\basic\obj.llvmtablegenbasic.dir\debug\attributes.obj
c:\users\devon\apollo\compiler\native\build\apollo-llvm\utils\tablegen\basic\obj.llvmtablegenbasic.dir\debug\targetfeaturesemitter.obj
c:\users\devon\apollo\compiler\native\build\apollo-llvm\utils\tablegen\basic\obj.llvmtablegenbasic.dir\debug\targetlibraryinfoemitter.obj
c:\users\devon\apollo\compiler\native\build\apollo-llvm\utils\tablegen\basic\obj.llvmtablegenbasic.dir\debug\vtemitter.obj
c:\users\devon\apollo\compiler\native\build\apollo-llvm\utils\tablegen\basic\obj.llvmtablegenbasic.dir\debug\armtargetdefemitter.obj
c:\users\devon\apollo\compiler\native\build\apollo-llvm\utils\tablegen\basic\obj.llvmtablegenbasic.dir\debug\runtimelibcalls.obj
c:\users\devon\apollo\compiler\native\build\apollo-llvm\utils\tablegen\basic\obj.llvmtablegenbasic.dir\debug\directiveemitter.obj
c:\users\devon\apollo\compiler\native\build\apollo-llvm\utils\tablegen\basic\obj.llvmtablegenbasic.dir\debug\intrinsicemitter.obj
c:\users\devon\apollo\compiler\native\build\apollo-llvm\utils\tablegen\basic\obj.llvmtablegenbasic.dir\debug\obj.llvmtablegenbasic.pdb
c:\users\devon\apollo\compiler\native\build\apollo-llvm\utils\tablegen\basic\cmakefiles\generate.stamp
c:\users\devon\apollo\compiler\native\build\apollo-llvm\utils\tablegen\basic\obj.llvmtablegenbasic.dir\debug\obj.llvmtablegenbasic.lib
c:\users\devon\apollo\compiler\native\build\apollo-llvm\utils\tablegen\basic\obj.llvmtablegenbasic.dir\debug\obj.llvm.ea53f54a.tlog\cl.14568.write.1.tlog
c:\users\devon\apollo\compiler\native\build\apollo-llvm\utils\tablegen\basic\obj.llvmtablegenbasic.dir\debug\obj.llvm.ea53f54a.tlog\cl.command.1.tlog
c:\users\devon\apollo\compiler\native\build\apollo-llvm\utils\tablegen\basic\obj.llvmtablegenbasic.dir\debug\obj.llvm.ea53f54a.tlog\cl.items.tlog
c:\users\devon\apollo\compiler\native\build\apollo-llvm\utils\tablegen\basic\obj.llvmtablegenbasic.dir\debug\obj.llvm.ea53f54a.tlog\cl.read.1.tlog
c:\users\devon\apollo\compiler\native\build\apollo-llvm\utils\tablegen\basic\obj.llvmtablegenbasic.dir\debug\obj.llvm.ea53f54a.tlog\custombuild.command.1.tlog
c:\users\devon\apollo\compiler\native\build\apollo-llvm\utils\tablegen\basic\obj.llvmtablegenbasic.dir\debug\obj.llvm.ea53f54a.tlog\custombuild.read.1.tlog
c:\users\devon\apollo\compiler\native\build\apollo-llvm\utils\tablegen\basic\obj.llvmtablegenbasic.dir\debug\obj.llvm.ea53f54a.tlog\custombuild.write.1.tlog
c:\users\devon\apollo\compiler\native\build\apollo-llvm\utils\tablegen\basic\obj.llvmtablegenbasic.dir\debug\obj.llvm.ea53f54a.tlog\lib-link.read.1.tlog
c:\users\devon\apollo\compiler\native\build\apollo-llvm\utils\tablegen\basic\obj.llvmtablegenbasic.dir\debug\obj.llvm.ea53f54a.tlog\lib-link.write.1.tlog
c:\users\devon\apollo\compiler\native\build\apollo-llvm\utils\tablegen\basic\obj.llvmtablegenbasic.dir\debug\obj.llvm.ea53f54a.tlog\lib.command.1.tlog
