c:\users\devon\apollo\compiler\native\build\apollo-llvm\lib\remarks\llvmremarks.dir\debug\yamlremarkparser.obj
c:\users\devon\apollo\compiler\native\build\apollo-llvm\lib\remarks\llvmremarks.dir\debug\bitstreamremarkserializer.obj
c:\users\devon\apollo\compiler\native\build\apollo-llvm\lib\remarks\llvmremarks.dir\debug\remarkstreamer.obj
c:\users\devon\apollo\compiler\native\build\apollo-llvm\lib\remarks\llvmremarks.dir\debug\remarkstringtable.obj
c:\users\devon\apollo\compiler\native\build\apollo-llvm\lib\remarks\llvmremarks.dir\debug\remarkserializer.obj
c:\users\devon\apollo\compiler\native\build\apollo-llvm\lib\remarks\llvmremarks.dir\debug\remarkparser.obj
c:\users\devon\apollo\compiler\native\build\apollo-llvm\lib\remarks\llvmremarks.dir\debug\remarkformat.obj
c:\users\devon\apollo\compiler\native\build\apollo-llvm\lib\remarks\llvmremarks.dir\debug\remark.obj
c:\users\devon\apollo\compiler\native\build\apollo-llvm\lib\remarks\llvmremarks.dir\debug\yamlremarkserializer.obj
c:\users\devon\apollo\compiler\native\build\apollo-llvm\lib\remarks\llvmremarks.dir\debug\remarklinker.obj
c:\users\devon\apollo\compiler\native\build\apollo-llvm\lib\remarks\llvmremarks.dir\debug\bitstreamremarkparser.obj
c:\users\devon\apollo\compiler\native\build\apollo-llvm\debug\lib\llvmremarks.pdb
c:\users\devon\apollo\compiler\native\build\apollo-llvm\lib\remarks\cmakefiles\generate.stamp
c:\users\devon\apollo\compiler\native\build\apollo-llvm\debug\lib\llvmremarks.lib
c:\users\devon\apollo\compiler\native\build\apollo-llvm\lib\remarks\llvmremarks.dir\debug\llvmremarks.tlog\cl.10336.write.1.tlog
c:\users\devon\apollo\compiler\native\build\apollo-llvm\lib\remarks\llvmremarks.dir\debug\llvmremarks.tlog\cl.command.1.tlog
c:\users\devon\apollo\compiler\native\build\apollo-llvm\lib\remarks\llvmremarks.dir\debug\llvmremarks.tlog\cl.items.tlog
c:\users\devon\apollo\compiler\native\build\apollo-llvm\lib\remarks\llvmremarks.dir\debug\llvmremarks.tlog\cl.read.1.tlog
c:\users\devon\apollo\compiler\native\build\apollo-llvm\lib\remarks\llvmremarks.dir\debug\llvmremarks.tlog\custombuild.command.1.tlog
c:\users\devon\apollo\compiler\native\build\apollo-llvm\lib\remarks\llvmremarks.dir\debug\llvmremarks.tlog\custombuild.read.1.tlog
c:\users\devon\apollo\compiler\native\build\apollo-llvm\lib\remarks\llvmremarks.dir\debug\llvmremarks.tlog\custombuild.write.1.tlog
c:\users\devon\apollo\compiler\native\build\apollo-llvm\lib\remarks\llvmremarks.dir\debug\llvmremarks.tlog\lib-link.read.1.tlog
c:\users\devon\apollo\compiler\native\build\apollo-llvm\lib\remarks\llvmremarks.dir\debug\llvmremarks.tlog\lib-link.write.1.tlog
c:\users\devon\apollo\compiler\native\build\apollo-llvm\lib\remarks\llvmremarks.dir\debug\llvmremarks.tlog\lib.command.1.tlog
