c:\users\devon\apollo\compiler\native\build\apollo-llvm\lib\ir\llvmcore.dir\debug\asmwriter.obj
c:\users\devon\apollo\compiler\native\build\apollo-llvm\lib\ir\llvmcore.dir\debug\intrinsics.obj
c:\users\devon\apollo\compiler\native\build\apollo-llvm\lib\ir\llvmcore.dir\debug\patternmatch.obj
c:\users\devon\apollo\compiler\native\build\apollo-llvm\lib\ir\llvmcore.dir\debug\user.obj
c:\users\devon\apollo\compiler\native\build\apollo-llvm\lib\ir\llvmcore.dir\debug\autoupgrade.obj
c:\users\devon\apollo\compiler\native\build\apollo-llvm\lib\ir\llvmcore.dir\debug\fpenv.obj
c:\users\devon\apollo\compiler\native\build\apollo-llvm\lib\ir\llvmcore.dir\debug\memorymodelrelaxationannotations.obj
c:\users\devon\apollo\compiler\native\build\apollo-llvm\lib\ir\llvmcore.dir\debug\passregistry.obj
c:\users\devon\apollo\compiler\native\build\apollo-llvm\lib\ir\llvmcore.dir\debug\statepoint.obj
c:\users\devon\apollo\compiler\native\build\apollo-llvm\lib\ir\llvmcore.dir\debug\cycleinfo.obj
c:\users\devon\apollo\compiler\native\build\apollo-llvm\lib\ir\llvmcore.dir\debug\diagnostichandler.obj
c:\users\devon\apollo\compiler\native\build\apollo-llvm\lib\ir\llvmcore.dir\debug\diagnosticinfo.obj
c:\users\devon\apollo\compiler\native\build\apollo-llvm\lib\ir\llvmcore.dir\debug\llvmremarkstreamer.obj
c:\users\devon\apollo\compiler\native\build\apollo-llvm\lib\ir\llvmcore.dir\debug\passmanager.obj
c:\users\devon\apollo\compiler\native\build\apollo-llvm\lib\ir\llvmcore.dir\debug\valuesymboltable.obj
c:\users\devon\apollo\compiler\native\build\apollo-llvm\lib\ir\llvmcore.dir\debug\constantfold.obj
c:\users\devon\apollo\compiler\native\build\apollo-llvm\lib\ir\llvmcore.dir\debug\droppedvariablestats.obj
c:\users\devon\apollo\compiler\native\build\apollo-llvm\lib\ir\llvmcore.dir\debug\intrinsicinst.obj
c:\users\devon\apollo\compiler\native\build\apollo-llvm\lib\ir\llvmcore.dir\debug\printpasses.obj
c:\users\devon\apollo\compiler\native\build\apollo-llvm\lib\ir\llvmcore.dir\debug\vectortypeutils.obj
c:\users\devon\apollo\compiler\native\build\apollo-llvm\lib\ir\llvmcore.dir\debug\constants.obj
c:\users\devon\apollo\compiler\native\build\apollo-llvm\lib\ir\llvmcore.dir\debug\function.obj
c:\users\devon\apollo\compiler\native\build\apollo-llvm\lib\ir\llvmcore.dir\debug\mangler.obj
c:\users\devon\apollo\compiler\native\build\apollo-llvm\lib\ir\llvmcore.dir\debug\passtiminginfo.obj
c:\users\devon\apollo\compiler\native\build\apollo-llvm\lib\ir\llvmcore.dir\debug\type.obj
c:\users\devon\apollo\compiler\native\build\apollo-llvm\lib\ir\llvmcore.dir\debug\convergenceverifier.obj
c:\users\devon\apollo\compiler\native\build\apollo-llvm\lib\ir\llvmcore.dir\debug\diagnosticprinter.obj
c:\users\devon\apollo\compiler\native\build\apollo-llvm\lib\ir\llvmcore.dir\debug\nvvmintrinsicutils.obj
c:\users\devon\apollo\compiler\native\build\apollo-llvm\lib\ir\llvmcore.dir\debug\legacypassmanager.obj
c:\users\devon\apollo\compiler\native\build\apollo-llvm\lib\ir\llvmcore.dir\debug\pseudoprobe.obj
c:\users\devon\apollo\compiler\native\build\apollo-llvm\lib\ir\llvmcore.dir\debug\abstractcallsite.obj
c:\users\devon\apollo\compiler\native\build\apollo-llvm\lib\ir\llvmcore.dir\debug\debuginfometadata.obj
c:\users\devon\apollo\compiler\native\build\apollo-llvm\lib\ir\llvmcore.dir\debug\instructions.obj
c:\users\devon\apollo\compiler\native\build\apollo-llvm\lib\ir\llvmcore.dir\debug\safepointirverifier.obj
c:\users\devon\apollo\compiler\native\build\apollo-llvm\lib\ir\llvmcore.dir\debug\builtingcs.obj
c:\users\devon\apollo\compiler\native\build\apollo-llvm\lib\ir\llvmcore.dir\debug\dibuilder.obj
c:\users\devon\apollo\compiler\native\build\apollo-llvm\lib\ir\llvmcore.dir\debug\ssacontext.obj
c:\users\devon\apollo\compiler\native\build\apollo-llvm\lib\ir\llvmcore.dir\debug\module.obj
c:\users\devon\apollo\compiler\native\build\apollo-llvm\lib\ir\llvmcore.dir\debug\value.obj
c:\users\devon\apollo\compiler\native\build\apollo-llvm\lib\ir\llvmcore.dir\debug\constantrangelist.obj
c:\users\devon\apollo\compiler\native\build\apollo-llvm\lib\ir\llvmcore.dir\debug\debuginfo.obj
c:\users\devon\apollo\compiler\native\build\apollo-llvm\lib\ir\llvmcore.dir\debug\instruction.obj
c:\users\devon\apollo\compiler\native\build\apollo-llvm\lib\ir\llvmcore.dir\debug\passinstrumentation.obj
c:\users\devon\apollo\compiler\native\build\apollo-llvm\lib\ir\llvmcore.dir\debug\replaceconstant.obj
c:\users\devon\apollo\compiler\native\build\apollo-llvm\lib\ir\llvmcore.dir\debug\constantfprange.obj
c:\users\devon\apollo\compiler\native\build\apollo-llvm\lib\ir\llvmcore.dir\debug\debugprograminstruction.obj
c:\users\devon\apollo\compiler\native\build\apollo-llvm\lib\ir\llvmcore.dir\debug\irbuilder.obj
c:\users\devon\apollo\compiler\native\build\apollo-llvm\lib\ir\llvmcore.dir\debug\operator.obj
c:\users\devon\apollo\compiler\native\build\apollo-llvm\lib\ir\llvmcore.dir\debug\use.obj
c:\users\devon\apollo\compiler\native\build\apollo-llvm\lib\ir\llvmcore.dir\debug\runtimelibcalls.obj
c:\users\devon\apollo\compiler\native\build\apollo-llvm\lib\ir\llvmcore.dir\debug\basicblock.obj
c:\users\devon\apollo\compiler\native\build\apollo-llvm\lib\ir\llvmcore.dir\debug\dominators.obj
c:\users\devon\apollo\compiler\native\build\apollo-llvm\lib\ir\llvmcore.dir\debug\llvmcontextimpl.obj
c:\users\devon\apollo\compiler\native\build\apollo-llvm\lib\ir\llvmcore.dir\debug\structuralhash.obj
c:\users\devon\apollo\compiler\native\build\apollo-llvm\lib\ir\llvmcore.dir\debug\comdat.obj
c:\users\devon\apollo\compiler\native\build\apollo-llvm\lib\ir\llvmcore.dir\debug\diexpressionoptimizer.obj
c:\users\devon\apollo\compiler\native\build\apollo-llvm\lib\ir\llvmcore.dir\debug\globals.obj
c:\users\devon\apollo\compiler\native\build\apollo-llvm\lib\ir\llvmcore.dir\debug\modulesummaryindex.obj
c:\users\devon\apollo\compiler\native\build\apollo-llvm\lib\ir\llvmcore.dir\debug\typedpointertype.obj
c:\users\devon\apollo\compiler\native\build\apollo-llvm\lib\ir\llvmcore.dir\debug\assumptions.obj
c:\users\devon\apollo\compiler\native\build\apollo-llvm\lib\ir\llvmcore.dir\debug\datalayout.obj
c:\users\devon\apollo\compiler\native\build\apollo-llvm\lib\ir\llvmcore.dir\debug\ehpersonalities.obj
c:\users\devon\apollo\compiler\native\build\apollo-llvm\lib\ir\llvmcore.dir\debug\llvmcontext.obj
c:\users\devon\apollo\compiler\native\build\apollo-llvm\lib\ir\llvmcore.dir\debug\profdatautils.obj
c:\users\devon\apollo\compiler\native\build\apollo-llvm\lib\ir\llvmcore.dir\debug\verifier.obj
c:\users\devon\apollo\compiler\native\build\apollo-llvm\lib\ir\llvmcore.dir\debug\constantrange.obj
c:\users\devon\apollo\compiler\native\build\apollo-llvm\lib\ir\llvmcore.dir\debug\debugloc.obj
c:\users\devon\apollo\compiler\native\build\apollo-llvm\lib\ir\llvmcore.dir\debug\gcstrategy.obj
c:\users\devon\apollo\compiler\native\build\apollo-llvm\lib\ir\llvmcore.dir\debug\inlineasm.obj
c:\users\devon\apollo\compiler\native\build\apollo-llvm\lib\ir\llvmcore.dir\debug\pass.obj
c:\users\devon\apollo\compiler\native\build\apollo-llvm\lib\ir\llvmcore.dir\debug\typefinder.obj
c:\users\devon\apollo\compiler\native\build\apollo-llvm\lib\ir\llvmcore.dir\debug\attributes.obj
c:\users\devon\apollo\compiler\native\build\apollo-llvm\lib\ir\llvmcore.dir\debug\droppedvariablestatsir.obj
c:\users\devon\apollo\compiler\native\build\apollo-llvm\lib\ir\llvmcore.dir\debug\mdbuilder.obj
c:\users\devon\apollo\compiler\native\build\apollo-llvm\lib\ir\llvmcore.dir\debug\optbisect.obj
c:\users\devon\apollo\compiler\native\build\apollo-llvm\lib\ir\llvmcore.dir\debug\profilesummary.obj
c:\users\devon\apollo\compiler\native\build\apollo-llvm\lib\ir\llvmcore.dir\debug\vfabidemangler.obj
c:\users\devon\apollo\compiler\native\build\apollo-llvm\lib\ir\llvmcore.dir\debug\core.obj
c:\users\devon\apollo\compiler\native\build\apollo-llvm\lib\ir\llvmcore.dir\debug\gvmaterializer.obj
c:\users\devon\apollo\compiler\native\build\apollo-llvm\lib\ir\llvmcore.dir\debug\irprintingpasses.obj
c:\users\devon\apollo\compiler\native\build\apollo-llvm\lib\ir\llvmcore.dir\debug\metadata.obj
c:\users\devon\apollo\compiler\native\build\apollo-llvm\debug\lib\llvmcore.pdb
c:\users\devon\apollo\compiler\native\build\apollo-llvm\lib\ir\cmakefiles\generate.stamp
c:\users\devon\apollo\compiler\native\build\apollo-llvm\debug\lib\llvmcore.lib
c:\users\devon\apollo\compiler\native\build\apollo-llvm\lib\ir\llvmcore.dir\debug\llvmcore.tlog\cl.10836.write.1.tlog
c:\users\devon\apollo\compiler\native\build\apollo-llvm\lib\ir\llvmcore.dir\debug\llvmcore.tlog\cl.command.1.tlog
c:\users\devon\apollo\compiler\native\build\apollo-llvm\lib\ir\llvmcore.dir\debug\llvmcore.tlog\cl.items.tlog
c:\users\devon\apollo\compiler\native\build\apollo-llvm\lib\ir\llvmcore.dir\debug\llvmcore.tlog\cl.read.1.tlog
c:\users\devon\apollo\compiler\native\build\apollo-llvm\lib\ir\llvmcore.dir\debug\llvmcore.tlog\custombuild.command.1.tlog
c:\users\devon\apollo\compiler\native\build\apollo-llvm\lib\ir\llvmcore.dir\debug\llvmcore.tlog\custombuild.read.1.tlog
c:\users\devon\apollo\compiler\native\build\apollo-llvm\lib\ir\llvmcore.dir\debug\llvmcore.tlog\custombuild.write.1.tlog
c:\users\devon\apollo\compiler\native\build\apollo-llvm\lib\ir\llvmcore.dir\debug\llvmcore.tlog\lib-link.read.1.tlog
c:\users\devon\apollo\compiler\native\build\apollo-llvm\lib\ir\llvmcore.dir\debug\llvmcore.tlog\lib-link.write.1.tlog
c:\users\devon\apollo\compiler\native\build\apollo-llvm\lib\ir\llvmcore.dir\debug\llvmcore.tlog\lib.command.1.tlog
